Archive member included to satisfy reference by file (symbol)

C:/ST/STM32CubeIDE_1.18.1/STM32CubeIDE/plugins/com.st.stm32cube.ide.mcu.externaltools.gnu-tools-for-stm32.13.3.rel1.win32_1.0.0.202411081344/tools/bin/../lib/gcc/arm-none-eabi/13.3.1/../../../../arm-none-eabi/lib/thumb/v6-m/nofp\libc_nano.a(libc_a-exit.o)
                              C:/ST/STM32CubeIDE_1.18.1/STM32CubeIDE/plugins/com.st.stm32cube.ide.mcu.externaltools.gnu-tools-for-stm32.13.3.rel1.win32_1.0.0.202411081344/tools/bin/../lib/gcc/arm-none-eabi/13.3.1/../../../../arm-none-eabi/lib/thumb/v6-m/nofp/crt0.o (exit)
C:/ST/STM32CubeIDE_1.18.1/STM32CubeIDE/plugins/com.st.stm32cube.ide.mcu.externaltools.gnu-tools-for-stm32.13.3.rel1.win32_1.0.0.202411081344/tools/bin/../lib/gcc/arm-none-eabi/13.3.1/../../../../arm-none-eabi/lib/thumb/v6-m/nofp\libc_nano.a(libc_a-fclose.o)
                              ./Core/Src/cipher_adfgvx.o (fclose)
C:/ST/STM32CubeIDE_1.18.1/STM32CubeIDE/plugins/com.st.stm32cube.ide.mcu.externaltools.gnu-tools-for-stm32.13.3.rel1.win32_1.0.0.202411081344/tools/bin/../lib/gcc/arm-none-eabi/13.3.1/../../../../arm-none-eabi/lib/thumb/v6-m/nofp\libc_nano.a(libc_a-fflush.o)
                              C:/ST/STM32CubeIDE_1.18.1/STM32CubeIDE/plugins/com.st.stm32cube.ide.mcu.externaltools.gnu-tools-for-stm32.13.3.rel1.win32_1.0.0.202411081344/tools/bin/../lib/gcc/arm-none-eabi/13.3.1/../../../../arm-none-eabi/lib/thumb/v6-m/nofp\libc_nano.a(libc_a-fclose.o) (__sflush_r)
C:/ST/STM32CubeIDE_1.18.1/STM32CubeIDE/plugins/com.st.stm32cube.ide.mcu.externaltools.gnu-tools-for-stm32.13.3.rel1.win32_1.0.0.202411081344/tools/bin/../lib/gcc/arm-none-eabi/13.3.1/../../../../arm-none-eabi/lib/thumb/v6-m/nofp\libc_nano.a(libc_a-fgets.o)
                              ./Core/Src/cipher_adfgvx.o (fgets)
C:/ST/STM32CubeIDE_1.18.1/STM32CubeIDE/plugins/com.st.stm32cube.ide.mcu.externaltools.gnu-tools-for-stm32.13.3.rel1.win32_1.0.0.202411081344/tools/bin/../lib/gcc/arm-none-eabi/13.3.1/../../../../arm-none-eabi/lib/thumb/v6-m/nofp\libc_nano.a(libc_a-findfp.o)
                              C:/ST/STM32CubeIDE_1.18.1/STM32CubeIDE/plugins/com.st.stm32cube.ide.mcu.externaltools.gnu-tools-for-stm32.13.3.rel1.win32_1.0.0.202411081344/tools/bin/../lib/gcc/arm-none-eabi/13.3.1/../../../../arm-none-eabi/lib/thumb/v6-m/nofp\libc_nano.a(libc_a-fflush.o) (__sglue)
C:/ST/STM32CubeIDE_1.18.1/STM32CubeIDE/plugins/com.st.stm32cube.ide.mcu.externaltools.gnu-tools-for-stm32.13.3.rel1.win32_1.0.0.202411081344/tools/bin/../lib/gcc/arm-none-eabi/13.3.1/../../../../arm-none-eabi/lib/thumb/v6-m/nofp\libc_nano.a(libc_a-fopen.o)
                              ./Core/Src/cipher_adfgvx.o (fopen)
C:/ST/STM32CubeIDE_1.18.1/STM32CubeIDE/plugins/com.st.stm32cube.ide.mcu.externaltools.gnu-tools-for-stm32.13.3.rel1.win32_1.0.0.202411081344/tools/bin/../lib/gcc/arm-none-eabi/13.3.1/../../../../arm-none-eabi/lib/thumb/v6-m/nofp\libc_nano.a(libc_a-fseek.o)
                              C:/ST/STM32CubeIDE_1.18.1/STM32CubeIDE/plugins/com.st.stm32cube.ide.mcu.externaltools.gnu-tools-for-stm32.13.3.rel1.win32_1.0.0.202411081344/tools/bin/../lib/gcc/arm-none-eabi/13.3.1/../../../../arm-none-eabi/lib/thumb/v6-m/nofp\libc_nano.a(libc_a-fopen.o) (_fseek_r)
C:/ST/STM32CubeIDE_1.18.1/STM32CubeIDE/plugins/com.st.stm32cube.ide.mcu.externaltools.gnu-tools-for-stm32.13.3.rel1.win32_1.0.0.202411081344/tools/bin/../lib/gcc/arm-none-eabi/13.3.1/../../../../arm-none-eabi/lib/thumb/v6-m/nofp\libc_nano.a(libc_a-fwalk.o)
                              C:/ST/STM32CubeIDE_1.18.1/STM32CubeIDE/plugins/com.st.stm32cube.ide.mcu.externaltools.gnu-tools-for-stm32.13.3.rel1.win32_1.0.0.202411081344/tools/bin/../lib/gcc/arm-none-eabi/13.3.1/../../../../arm-none-eabi/lib/thumb/v6-m/nofp\libc_nano.a(libc_a-fflush.o) (_fwalk_sglue)
C:/ST/STM32CubeIDE_1.18.1/STM32CubeIDE/plugins/com.st.stm32cube.ide.mcu.externaltools.gnu-tools-for-stm32.13.3.rel1.win32_1.0.0.202411081344/tools/bin/../lib/gcc/arm-none-eabi/13.3.1/../../../../arm-none-eabi/lib/thumb/v6-m/nofp\libc_nano.a(libc_a-refill.o)
                              C:/ST/STM32CubeIDE_1.18.1/STM32CubeIDE/plugins/com.st.stm32cube.ide.mcu.externaltools.gnu-tools-for-stm32.13.3.rel1.win32_1.0.0.202411081344/tools/bin/../lib/gcc/arm-none-eabi/13.3.1/../../../../arm-none-eabi/lib/thumb/v6-m/nofp\libc_nano.a(libc_a-fgets.o) (__srefill_r)
C:/ST/STM32CubeIDE_1.18.1/STM32CubeIDE/plugins/com.st.stm32cube.ide.mcu.externaltools.gnu-tools-for-stm32.13.3.rel1.win32_1.0.0.202411081344/tools/bin/../lib/gcc/arm-none-eabi/13.3.1/../../../../arm-none-eabi/lib/thumb/v6-m/nofp\libc_nano.a(libc_a-stdio.o)
                              C:/ST/STM32CubeIDE_1.18.1/STM32CubeIDE/plugins/com.st.stm32cube.ide.mcu.externaltools.gnu-tools-for-stm32.13.3.rel1.win32_1.0.0.202411081344/tools/bin/../lib/gcc/arm-none-eabi/13.3.1/../../../../arm-none-eabi/lib/thumb/v6-m/nofp\libc_nano.a(libc_a-findfp.o) (__sread)
[...]
Memory Configuration

Name             Origin             Length             Attributes
RAM              0x20000000         0x00002000         xrw
FLASH            0x08000000         0x00010000         xr
*default*        0x00000000         0xffffffff

Linker script and memory map

LOAD C:/ST/STM32CubeIDE_1.18.1/STM32CubeIDE/plugins/com.st.stm32cube.ide.mcu.externaltools.gnu-tools-for-stm32.13.3.rel1.win32_1.0.0.202411081344/tools/bin/../lib/gcc/arm-none-eabi/13.3.1/thumb/v6-m/nofp/crti.o
LOAD C:/ST/STM32CubeIDE_1.18.1/STM32CubeIDE/plugins/com.st.stm32cube.ide.mcu.externaltools.gnu-tools-for-stm32.13.3.rel1.win32_1.0.0.202411081344/tools/bin/../lib/gcc/arm-none-eabi/13.3.1/thumb/v6-m/nofp/crtbegin.o
LOAD C:/ST/STM32CubeIDE_1.18.1/STM32CubeIDE/plugins/com.st.stm32cube.ide.mcu.externaltools.gnu-tools-for-stm32.13.3.rel1.win32_1.0.0.202411081344/tools/bin/../lib/gcc/arm-none-eabi/13.3.1/../../../../arm-none-eabi/lib/thumb/v6-m/nofp/crt0.o
LOAD ./Core/Src/cipher_adfgvx.o
LOAD ./Core/Src/main.o
LOAD ./Core/Src/stm32f0xx_hal_msp.o
LOAD ./Core/Src/stm32f0xx_it.o
LOAD ./Core/Src/syscalls.o
LOAD ./Core/Src/sysmem.o
LOAD ./Core/Src/system_stm32f0xx.o
LOAD ./Core/Startup/startup_stm32f030r8tx.o
LOAD ./Drivers/STM32F0xx_HAL_Driver/Src/stm32f0xx_hal.o
LOAD ./Drivers/STM32F0xx_HAL_Driver/Src/stm32f0xx_hal_cortex.o
LOAD ./Drivers/STM32F0xx_HAL_Driver/Src/stm32f0xx_hal_dma.o
LOAD ./Drivers/STM32F0xx_HAL_Driver/Src/stm32f0xx_hal_exti.o
LOAD ./Drivers/STM32F0xx_HAL_Driver/Src/stm32f0xx_hal_flash.o
LOAD ./Drivers/STM32F0xx_HAL_Driver/Src/stm32f0xx_hal_flash_ex.o
LOAD ./Drivers/STM32F0xx_HAL_Driver/Src/stm32f0xx_hal_gpio.o
LOAD ./Drivers/STM32F0xx_HAL_Driver/Src/stm32f0xx_hal_i2c.o
LOAD ./Drivers/STM32F0xx_HAL_Driver/Src/stm32f0xx_hal_i2c_ex.o
LOAD ./Drivers/STM32F0xx_HAL_Driver/Src/stm32f0xx_hal_pwr.o
LOAD ./Drivers/STM32F0xx_HAL_Driver/Src/stm32f0xx_hal_pwr_ex.o
LOAD ./Drivers/STM32F0xx_HAL_Driver/Src/stm32f0xx_hal_rcc.o
LOAD ./Drivers/STM32F0xx_HAL_Driver/Src/stm32f0xx_hal_rcc_ex.o
LOAD ./Drivers/STM32F0xx_HAL_Driver/Src/stm32f0xx_hal_uart.o
LOAD ./Drivers/STM32F0xx_HAL_Driver/Src/stm32f0xx_hal_uart_ex.o
START GROUP
LOAD C:/ST/STM32CubeIDE_1.18.1/STM32CubeIDE/plugins/com.st.stm32cube.ide.mcu.externaltools.gnu-tools-for-stm32.13.3.rel1.win32_1.0.0.202411081344/tools/bin/../lib/gcc/arm-none-eabi/13.3.1/../../../../arm-none-eabi/lib/thumb/v6-m/nofp\libc_nano.a
LOAD C:/ST/STM32CubeIDE_1.18.1/STM32CubeIDE/plugins/com.st.stm32cube.ide.mcu.externaltools.gnu-tools-for-stm32.13.3.rel1.win32_1.0.0.202411081344/tools/bin/../lib/gcc/arm-none-eabi/13.3.1/../../../../arm-none-eabi/lib/thumb/v6-m/nofp\libm.a
END GROUP
START GROUP
LOAD C:/ST/STM32CubeIDE_1.18.1/STM32CubeIDE/plugins/com.st.stm32cube.ide.mcu.externaltools.gnu-tools-for-stm32.13.3.rel1.win32_1.0.0.202411081344/tools/bin/../lib/gcc/arm-none-eabi/13.3.1/thumb/v6-m/nofp\libgcc.a
LOAD C:/ST/STM32CubeIDE_1.18.1/STM32CubeIDE/plugins/com.st.stm32cube.ide.mcu.externaltools.gnu-tools-for-stm32.13.3.rel1.win32_1.0.0.202411081344/tools/bin/../lib/gcc/arm-none-eabi/13.3.1/../../../../arm-none-eabi/lib/thumb/v6-m/nofp\libc_nano.a
END GROUP
START GROUP
LOAD C:/ST/STM32CubeIDE_1.18.1/STM32CubeIDE/plugins/com.st.stm32cube.ide.mcu.externaltools.gnu-tools-for-stm32.13.3.rel1.win32_1.0.0.202411081344/tools/bin/../lib/gcc/arm-none-eabi/13.3.1/thumb/v6-m/nofp\libgcc.a
LOAD C:/ST/STM32CubeIDE_1.18.1/STM32CubeIDE/plugins/com.st.stm32cube.ide.mcu.externaltools.gnu-tools-for-stm32.13.3.rel1.win32_1.0.0.202411081344/tools/bin/../lib/gcc/arm-none-eabi/13.3.1/../../../../arm-none-eabi/lib/thumb/v6-m/nofp\libc_nano.a
LOAD C:/ST/STM32CubeIDE_1.18.1/STM32CubeIDE/plugins/com.st.stm32cube.ide.mcu.externaltools.gnu-tools-for-stm32.13.3.rel1.win32_1.0.0.202411081344/tools/bin/../lib/gcc/arm-none-eabi/13.3.1/../../../../arm-none-eabi/lib/thumb/v6-m/nofp\libnosys.a
END GROUP
START GROUP
LOAD C:/ST/STM32CubeIDE_1.18.1/STM32CubeIDE/plugins/com.st.stm32cube.ide.mcu.externaltools.gnu-tools-for-stm32.13.3.rel1.win32_1.0.0.202411081344/tools/bin/../lib/gcc/arm-none-eabi/13.3.1/thumb/v6-m/nofp\libgcc.a
LOAD C:/ST/STM32CubeIDE_1.18.1/STM32CubeIDE/plugins/com.st.stm32cube.ide.mcu.externaltools.gnu-tools-for-stm32.13.3.rel1.win32_1.0.0.202411081344/tools/bin/../lib/gcc/arm-none-eabi/13.3.1/../../../../arm-none-eabi/lib/thumb/v6-m/nofp\libc_nano.a
LOAD C:/ST/STM32CubeIDE_1.18.1/STM32CubeIDE/plugins/com.st.stm32cube.ide.mcu.externaltools.gnu-tools-for-stm32.13.3.rel1.win32_1.0.0.202411081344/tools/bin/../lib/gcc/arm-none-eabi/13.3.1/../../../../arm-none-eabi/lib/thumb/v6-m/nofp\libnosys.a
END GROUP
LOAD C:/ST/STM32CubeIDE_1.18.1/STM32CubeIDE/plugins/com.st.stm32cube.ide.mcu.externaltools.gnu-tools-for-stm32.13.3.rel1.win32_1.0.0.202411081344/tools/bin/../lib/gcc/arm-none-eabi/13.3.1/thumb/v6-m/nofp/crtend.o
LOAD C:/ST/STM32CubeIDE_1.18.1/STM32CubeIDE/plugins/com.st.stm32cube.ide.mcu.externaltools.gnu-tools-for-stm32.13.3.rel1.win32_1.0.0.202411081344/tools/bin/../lib/gcc/arm-none-eabi/13.3.1/thumb/v6-m/nofp/crtn.o
                0x20002000                        _estack = (ORIGIN (RAM) + LENGTH (RAM))
                0x00000200                        _Min_Heap_Size = 0x200
                0x00000400                        _Min_Stack_Size = 0x400

.isr_vector     0x08000000       0xc0
                0x08000000                        . = ALIGN (0x4)
 *(.isr_vector)
 .isr_vector    0x08000000       0xc0 ./Core/Startup/startup_stm32f030r8tx.o
                0x08000000                g_pfnVectors
                0x080000c0                        . = ALIGN (0x4)

.text           0x080000c0     0x24b8
                0x080000c0                        . = ALIGN (0x4)
 *(.text)
 .text          0x080000c0       0x48 C:/ST/STM32CubeIDE_1.18.1/STM32CubeIDE/plugins/com.st.stm32cube.ide.mcu.externaltools.gnu-tools-for-stm32.13.3.rel1.win32_1.0.0.202411081344/tools/bin/../lib/gcc/arm-none-eabi/13.3.1/thumb/v6-m/nofp/crtbegin.o
 .text          0x08000108        0xe C:/ST/STM32CubeIDE_1.18.1/STM32CubeIDE/plugins/com.st.stm32cube.ide.mcu.externaltools.gnu-tools-for-stm32.13.3.rel1.win32_1.0.0.202411081344/tools/bin/../lib/gcc/arm-none-eabi/13.3.1/../../../../arm-none-eabi/lib/thumb/v6-m/nofp\libc_nano.a(libc_a-strlen.o)
                0x08000108                strlen
 *fill*         0x08000116        0x2 
 .text          0x08000118      0x114 C:/ST/STM32CubeIDE_1.18.1/STM32CubeIDE/plugins/com.st.stm32cube.ide.mcu.externaltools.gnu-tools-for-stm32.13.3.rel1.win32_1.0.0.202411081344/tools/bin/../lib/gcc/arm-none-eabi/13.3.1/thumb/v6-m/nofp\libgcc.a(_udivsi3.o)
                0x08000118                __aeabi_uidiv
                0x08000118                __udivsi3
                0x08000224                __aeabi_uidivmod
 .text          0x0800022c      0x1d4 C:/ST/STM32CubeIDE_1.18.1/STM32CubeIDE/plugins/com.st.stm32cube.ide.mcu.externaltools.gnu-tools-for-stm32.13.3.rel1.win32_1.0.0.202411081344/tools/bin/../lib/gcc/arm-none-eabi/13.3.1/thumb/v6-m/nofp\libgcc.a(_divsi3.o)
                0x0800022c                __divsi3
                0x0800022c                __aeabi_idiv
                0x080003f8                __aeabi_idivmod
 .text          0x08000400        0x4 C:/ST/STM32CubeIDE_1.18.1/STM32CubeIDE/plugins/com.st.stm32cube.ide.mcu.externaltools.gnu-tools-for-stm32.13.3.rel1.win32_1.0.0.202411081344/tools/bin/../lib/gcc/arm-none-eabi/13.3.1/thumb/v6-m/nofp\libgcc.a(_dvmd_tls.o)
                0x08000400                __aeabi_idiv0
                0x08000400                __aeabi_ldiv0
 .text          0x08000404       0x5c C:/ST/STM32CubeIDE_1.18.1/STM32CubeIDE/plugins/com.st.stm32cube.ide.mcu.externaltools.gnu-tools-for-stm32.13.3.rel1.win32_1.0.0.202411081344/tools/bin/../lib/gcc/arm-none-eabi/13.3.1/thumb/v6-m/nofp\libgcc.a(_muldi3.o)
                0x08000404                __muldi3
                0x08000404                __aeabi_lmul
 *(.text*)
 .text.get_adfgvx_symbols
                0x08000460       0x84 ./Core/Src/cipher_adfgvx.o
                0x08000460                get_adfgvx_symbols
 .text.insert_symbol_to_column
                0x080004e4       0x84 ./Core/Src/cipher_adfgvx.o
                0x080004e4                insert_symbol_to_column
 .text.polybius_encode_to_columns
                0x08000568       0xb0 ./Core/Src/cipher_adfgvx.o
                0x08000568                polybius_encode_to_columns
 .text.transpose_columns_by_key_order
                0x08000618      0x1c8 ./Core/Src/cipher_adfgvx.o
                0x08000618                transpose_columns_by_key_order
 .text.cipher_adfgvx
                0x080007e0       0x5c ./Core/Src/cipher_adfgvx.o
                0x080007e0                cipher_adfgvx
 .text.uart_send_string.0
                0x0800083c       0x30 ./Core/Src/main.o
 .text.main     0x0800086c      0x288 ./Core/Src/main.o
                0x0800086c                main
 .text.SystemClock_Config
                0x08000af4       0x94 ./Core/Src/main.o
                0x08000af4                SystemClock_Config
 .text.MX_USART2_UART_Init
                0x08000b88       0x60 ./Core/Src/main.o
 .text.MX_GPIO_Init
                0x08000be8       0xd4 ./Core/Src/main.o
 .text.Error_Handler
                0x08000cbc        0xc ./Core/Src/main.o
                0x08000cbc                Error_Handler
 .text.HAL_MspInit
                0x08000cc8       0x48 ./Core/Src/stm32f0xx_hal_msp.o
                0x08000cc8                HAL_MspInit
 .text.HAL_UART_MspInit
                0x08000d10       0x98 ./Core/Src/stm32f0xx_hal_msp.o
                0x08000d10                HAL_UART_MspInit
 .text.NMI_Handler
                0x08000da8        0x8 ./Core/Src/stm32f0xx_it.o
                0x08000da8                NMI_Handler
 .text.HardFault_Handler
                0x08000db0        0x8 ./Core/Src/stm32f0xx_it.o
                0x08000db0                HardFault_Handler
 .text.SVC_Handler
                0x08000db8        0xa ./Core/Src/stm32f0xx_it.o
                0x08000db8                SVC_Handler
 .text.PendSV_Handler
                0x08000dc2        0xa ./Core/Src/stm32f0xx_it.o
                0x08000dc2                PendSV_Handler
 .text.SysTick_Handler
                0x08000dcc        0xe ./Core/Src/stm32f0xx_it.o
                0x08000dcc                SysTick_Handler
 .text.SystemInit
                0x08000dda        0xa ./Core/Src/system_stm32f0xx.o
                0x08000dda                SystemInit
 .text.Reset_Handler
                0x08000de4       0x50 ./Core/Startup/startup_stm32f030r8tx.o
                0x08000de4                Reset_Handler
 .text.Default_Handler
                0x08000e34        0x2 ./Core/Startup/startup_stm32f030r8tx.o
                0x08000e34                TIM1_CC_IRQHandler
                0x08000e34                TIM6_IRQHandler
                0x08000e34                I2C1_IRQHandler
                0x08000e34                SPI1_IRQHandler
                0x08000e34                EXTI2_3_IRQHandler
                0x08000e34                ADC1_IRQHandler
                0x08000e34                I2C2_IRQHandler
                0x08000e34                TIM17_IRQHandler
                0x08000e34                RTC_IRQHandler
                0x08000e34                TIM16_IRQHandler
                0x08000e34                TIM3_IRQHandler
                0x08000e34                EXTI4_15_IRQHandler
                0x08000e34                RCC_IRQHandler
                0x08000e34                DMA1_Channel1_IRQHandler
                0x08000e34                Default_Handler
                0x08000e34                TIM14_IRQHandler
                0x08000e34                DMA1_Channel4_5_IRQHandler
                0x08000e34                TIM15_IRQHandler
                0x08000e34                EXTI0_1_IRQHandler
                0x08000e34                SPI2_IRQHandler
                0x08000e34                WWDG_IRQHandler
                0x08000e34                DMA1_Channel2_3_IRQHandler
                0x08000e34                USART2_IRQHandler
                0x08000e34                FLASH_IRQHandler
                0x08000e34                USART1_IRQHandler
                0x08000e34                TIM1_BRK_UP_TRG_COM_IRQHandler
 *fill*         0x08000e36        0x2 
 .text.HAL_Init
                0x08000e38       0x28 ./Drivers/STM32F0xx_HAL_Driver/Src/stm32f0xx_hal.o
                0x08000e38                HAL_Init
 .text.HAL_InitTick
                0x08000e60       0x68 ./Drivers/STM32F0xx_HAL_Driver/Src/stm32f0xx_hal.o
                0x08000e60                HAL_InitTick
 .text.HAL_IncTick
                0x08000ec8       0x24 ./Drivers/STM32F0xx_HAL_Driver/Src/stm32f0xx_hal.o
                0x08000ec8                HAL_IncTick
 .text.HAL_GetTick
                0x08000eec       0x14 ./Drivers/STM32F0xx_HAL_Driver/Src/stm32f0xx_hal.o
                0x08000eec                HAL_GetTick
 .text.__NVIC_SetPriority
                0x08000f00       0xdc ./Drivers/STM32F0xx_HAL_Driver/Src/stm32f0xx_hal_cortex.o
 .text.SysTick_Config
                0x08000fdc       0x48 ./Drivers/STM32F0xx_HAL_Driver/Src/stm32f0xx_hal_cortex.o
 .text.HAL_NVIC_SetPriority
                0x08001024       0x2a ./Drivers/STM32F0xx_HAL_Driver/Src/stm32f0xx_hal_cortex.o
                0x08001024                HAL_NVIC_SetPriority
 .text.HAL_SYSTICK_Config
                0x0800104e       0x1a ./Drivers/STM32F0xx_HAL_Driver/Src/stm32f0xx_hal_cortex.o
                0x0800104e                HAL_SYSTICK_Config
 .text.HAL_GPIO_Init
                0x08001068      0x2e0 ./Drivers/STM32F0xx_HAL_Driver/Src/stm32f0xx_hal_gpio.o
                0x08001068                HAL_GPIO_Init
 .text.HAL_GPIO_WritePin
                0x08001348       0x3a ./Drivers/STM32F0xx_HAL_Driver/Src/stm32f0xx_hal_gpio.o
                0x08001348                HAL_GPIO_WritePin
 *fill*         0x08001382        0x2 
 .text.HAL_RCC_OscConfig
                0x08001384      0x634 ./Drivers/STM32F0xx_HAL_Driver/Src/stm32f0xx_hal_rcc.o
                0x08001384                HAL_RCC_OscConfig
 .text.HAL_RCC_ClockConfig
                0x080019b8      0x19c ./Drivers/STM32F0xx_HAL_Driver/Src/stm32f0xx_hal_rcc.o
                0x080019b8                HAL_RCC_ClockConfig
 .text.HAL_RCC_GetSysClockFreq
                0x08001b54       0xac ./Drivers/STM32F0xx_HAL_Driver/Src/stm32f0xx_hal_rcc.o
                0x08001b54                HAL_RCC_GetSysClockFreq
 .text.HAL_RCC_GetHCLKFreq
                0x08001c00       0x14 ./Drivers/STM32F0xx_HAL_Driver/Src/stm32f0xx_hal_rcc.o
                0x08001c00                HAL_RCC_GetHCLKFreq
 .text.HAL_RCC_GetPCLK1Freq
                0x08001c14       0x2c ./Drivers/STM32F0xx_HAL_Driver/Src/stm32f0xx_hal_rcc.o
                0x08001c14                HAL_RCC_GetPCLK1Freq
 .text.HAL_UART_Init
                0x08001c40       0xa8 ./Drivers/STM32F0xx_HAL_Driver/Src/stm32f0xx_hal_uart.o
                0x08001c40                HAL_UART_Init
 .text.HAL_UART_Transmit
                0x08001ce8      0x13e ./Drivers/STM32F0xx_HAL_Driver/Src/stm32f0xx_hal_uart.o
                0x08001ce8                HAL_UART_Transmit
 *fill*         0x08001e26        0x2 
 .text.UART_SetConfig
                0x08001e28      0x280 ./Drivers/STM32F0xx_HAL_Driver/Src/stm32f0xx_hal_uart.o
                0x08001e28                UART_SetConfig
 .text.UART_AdvFeatureConfig
                0x080020a8      0x168 ./Drivers/STM32F0xx_HAL_Driver/Src/stm32f0xx_hal_uart.o
                0x080020a8                UART_AdvFeatureConfig
 .text.UART_CheckIdleState
                0x08002210      0x150 ./Drivers/STM32F0xx_HAL_Driver/Src/stm32f0xx_hal_uart.o
                0x08002210                UART_CheckIdleState
 .text.UART_WaitOnFlagUntilTimeout
                0x08002360       0xde ./Drivers/STM32F0xx_HAL_Driver/Src/stm32f0xx_hal_uart.o
                0x08002360                UART_WaitOnFlagUntilTimeout
 *fill*         0x0800243e        0x2 
 .text.UART_EndRxTransfer
                0x08002440       0xc8 ./Drivers/STM32F0xx_HAL_Driver/Src/stm32f0xx_hal_uart.o
 .text.memset   0x08002508       0x10 C:/ST/STM32CubeIDE_1.18.1/STM32CubeIDE/plugins/com.st.stm32cube.ide.mcu.externaltools.gnu-tools-for-stm32.13.3.rel1.win32_1.0.0.202411081344/tools/bin/../lib/gcc/arm-none-eabi/13.3.1/../../../../arm-none-eabi/lib/thumb/v6-m/nofp\libc_nano.a(libc_a-memset.o)
                0x08002508                memset
 .text.__libc_init_array
                0x08002518       0x48 C:/ST/STM32CubeIDE_1.18.1/STM32CubeIDE/plugins/com.st.stm32cube.ide.mcu.externaltools.gnu-tools-for-stm32.13.3.rel1.win32_1.0.0.202411081344/tools/bin/../lib/gcc/arm-none-eabi/13.3.1/../../../../arm-none-eabi/lib/thumb/v6-m/nofp\libc_nano.a(libc_a-init.o)
                0x08002518                __libc_init_array
 *(.glue_7)
 .glue_7        0x08002560        0x0 linker stubs
 *(.glue_7t)
 .glue_7t       0x08002560        0x0 linker stubs
 *(.eh_frame)
 .eh_frame      0x08002560        0x0 C:/ST/STM32CubeIDE_1.18.1/STM32CubeIDE/plugins/com.st.stm32cube.ide.mcu.externaltools.gnu-tools-for-stm32.13.3.rel1.win32_1.0.0.202411081344/tools/bin/../lib/gcc/arm-none-eabi/13.3.1/thumb/v6-m/nofp/crtbegin.o
 *(.init)
 .init          0x08002560        0x4 C:/ST/STM32CubeIDE_1.18.1/STM32CubeIDE/plugins/com.st.stm32cube.ide.mcu.externaltools.gnu-tools-for-stm32.13.3.rel1.win32_1.0.0.202411081344/tools/bin/../lib/gcc/arm-none-eabi/13.3.1/thumb/v6-m/nofp/crti.o
                0x08002560                _init
 .init          0x08002564        0x8 C:/ST/STM32CubeIDE_1.18.1/STM32CubeIDE/plugins/com.st.stm32cube.ide.mcu.externaltools.gnu-tools-for-stm32.13.3.rel1.win32_1.0.0.202411081344/tools/bin/../lib/gcc/arm-none-eabi/13.3.1/thumb/v6-m/nofp/crtn.o
 *(.fini)
 .fini          0x0800256c        0x4 C:/ST/STM32CubeIDE_1.18.1/STM32CubeIDE/plugins/com.st.stm32cube.ide.mcu.externaltools.gnu-tools-for-stm32.13.3.rel1.win32_1.0.0.202411081344/tools/bin/../lib/gcc/arm-none-eabi/13.3.1/thumb/v6-m/nofp/crti.o
                0x0800256c                _fini
 .fini          0x08002570        0x8 C:/ST/STM32CubeIDE_1.18.1/STM32CubeIDE/plugins/com.st.stm32cube.ide.mcu.externaltools.gnu-tools-for-stm32.13.3.rel1.win32_1.0.0.202411081344/tools/bin/../lib/gcc/arm-none-eabi/13.3.1/thumb/v6-m/nofp/crtn.o
                0x08002578                        . = ALIGN (0x4)
                0x08002578                        _etext = .

.vfp11_veneer   0x08002578        0x0
 .vfp11_veneer  0x08002578        0x0 linker stubs

.v4_bx          0x08002578        0x0
 .v4_bx         0x08002578        0x0 linker stubs

.iplt           0x08002578        0x0
 .iplt          0x08002578        0x0 C:/ST/STM32CubeIDE_1.18.1/STM32CubeIDE/plugins/com.st.stm32cube.ide.mcu.externaltools.gnu-tools-for-stm32.13.3.rel1.win32_1.0.0.202411081344/tools/bin/../lib/gcc/arm-none-eabi/13.3.1/thumb/v6-m/nofp/crtbegin.o

.rodata         0x08002578       0xa4
                0x08002578                        . = ALIGN (0x4)
 *(.rodata)
 .rodata        0x08002578       0x3d ./Core/Src/main.o
 *(.rodata*)
 *fill*         0x080025b5        0x3 
 .rodata.symbols
                0x080025b8        0x6 ./Core/Src/cipher_adfgvx.o
                0x080025b8                symbols
 *fill*         0x080025be        0x2 
 .rodata.square
                0x080025c0       0x24 ./Core/Src/cipher_adfgvx.o
                0x080025c0                square
 .rodata.AHBPrescTable
                0x080025e4       0x10 ./Core/Src/system_stm32f0xx.o
                0x080025e4                AHBPrescTable
 .rodata.APBPrescTable
                0x080025f4        0x8 ./Core/Src/system_stm32f0xx.o
                0x080025f4                APBPrescTable
 .rodata.aPLLMULFactorTable.1
                0x080025fc       0x10 ./Drivers/STM32F0xx_HAL_Driver/Src/stm32f0xx_hal_rcc.o
 .rodata.aPredivFactorTable.0
                0x0800260c       0x10 ./Drivers/STM32F0xx_HAL_Driver/Src/stm32f0xx_hal_rcc.o
                0x0800261c                        . = ALIGN (0x4)

.ARM.extab      0x0800261c        0x0
                0x0800261c                        . = ALIGN (0x4)
 *(.ARM.extab* .gnu.linkonce.armextab.*)
                0x0800261c                        . = ALIGN (0x4)

.ARM            0x0800261c        0x0
                0x0800261c                        . = ALIGN (0x4)
                0x0800261c                        __exidx_start = .
 *(.ARM.exidx*)
                0x0800261c                        __exidx_end = .
                0x0800261c                        . = ALIGN (0x4)

.preinit_array  0x0800261c        0x0
                0x0800261c                        . = ALIGN (0x4)
                0x0800261c                        PROVIDE (__preinit_array_start = .)
 *(.preinit_array*)
                0x0800261c                        PROVIDE (__preinit_array_end = .)
                0x0800261c                        . = ALIGN (0x4)

.init_array     0x0800261c        0x4
                0x0800261c                        . = ALIGN (0x4)
                0x0800261c                        PROVIDE (__init_array_start = .)
 *(SORT_BY_NAME(.init_array.*))
 *(.init_array*)
 .init_array    0x0800261c        0x4 C:/ST/STM32CubeIDE_1.18.1/STM32CubeIDE/plugins/com.st.stm32cube.ide.mcu.externaltools.gnu-tools-for-stm32.13.3.rel1.win32_1.0.0.202411081344/tools/bin/../lib/gcc/arm-none-eabi/13.3.1/thumb/v6-m/nofp/crtbegin.o
                0x08002620                        PROVIDE (__init_array_end = .)
                0x08002620                        . = ALIGN (0x4)

.fini_array     0x08002620        0x4
                0x08002620                        . = ALIGN (0x4)
                [!provide]                        PROVIDE (__fini_array_start = .)
 *(SORT_BY_NAME(.fini_array.*))
 *(.fini_array*)
 .fini_array    0x08002620        0x4 C:/ST/STM32CubeIDE_1.18.1/STM32CubeIDE/plugins/com.st.stm32cube.ide.mcu.externaltools.gnu-tools-for-stm32.13.3.rel1.win32_1.0.0.202411081344/tools/bin/../lib/gcc/arm-none-eabi/13.3.1/thumb/v6-m/nofp/crtbegin.o
                [!provide]                        PROVIDE (__fini_array_end = .)
                0x08002624                        . = ALIGN (0x4)
                0x08002624                        _sidata = LOADADDR (.data)

.rel.dyn        0x08002624        0x0
 .rel.iplt      0x08002624        0x0 C:/ST/STM32CubeIDE_1.18.1/STM32CubeIDE/plugins/com.st.stm32cube.ide.mcu.externaltools.gnu-tools-for-stm32.13.3.rel1.win32_1.0.0.202411081344/tools/bin/../lib/gcc/arm-none-eabi/13.3.1/thumb/v6-m/nofp/crtbegin.o

.data           0x20000000        0xc load address 0x08002624
                0x20000000                        . = ALIGN (0x4)
                0x20000000                        _sdata = .
 *(.data)
 *(.data*)
 .data.SystemCoreClock
                0x20000000        0x4 ./Core/Src/system_stm32f0xx.o
                0x20000000                SystemCoreClock
 .data.uwTickPrio
                0x20000004        0x4 ./Drivers/STM32F0xx_HAL_Driver/Src/stm32f0xx_hal.o
                0x20000004                uwTickPrio
 .data.uwTickFreq
                0x20000008        0x1 ./Drivers/STM32F0xx_HAL_Driver/Src/stm32f0xx_hal.o
                0x20000008                uwTickFreq
 *(.RamFunc)
 *(.RamFunc*)
                0x2000000c                        . = ALIGN (0x4)
 *fill*         0x20000009        0x3 
                0x2000000c                        _edata = .

.igot.plt       0x2000000c        0x0 load address 0x08002630
 .igot.plt      0x2000000c        0x0 C:/ST/STM32CubeIDE_1.18.1/STM32CubeIDE/plugins/com.st.stm32cube.ide.mcu.externaltools.gnu-tools-for-stm32.13.3.rel1.win32_1.0.0.202411081344/tools/bin/../lib/gcc/arm-none-eabi/13.3.1/thumb/v6-m/nofp/crtbegin.o
                0x2000000c                        . = ALIGN (0x4)

.bss            0x2000000c       0xa8 load address 0x08002630
                0x2000000c                        _sbss = .
                0x2000000c                        __bss_start__ = _sbss
 *(.bss)
 .bss           0x2000000c       0x1c C:/ST/STM32CubeIDE_1.18.1/STM32CubeIDE/plugins/com.st.stm32cube.ide.mcu.externaltools.gnu-tools-for-stm32.13.3.rel1.win32_1.0.0.202411081344/tools/bin/../lib/gcc/arm-none-eabi/13.3.1/thumb/v6-m/nofp/crtbegin.o
 *(.bss*)
 .bss.huart2    0x20000028       0x88 ./Core/Src/main.o
                0x20000028                huart2
 .bss.uwTick    0x200000b0        0x4 ./Drivers/STM32F0xx_HAL_Driver/Src/stm32f0xx_hal.o
                0x200000b0                uwTick
 *(COMMON)
                0x200000b4                        . = ALIGN (0x4)
                0x200000b4                        _ebss = .
                0x200000b4                        __bss_end__ = _ebss

._user_heap_stack
                0x200000b4      0x604 load address 0x08002630
                0x200000b8                        . = ALIGN (0x8)
 *fill*         0x200000b4        0x4 
                [!provide]                        PROVIDE (end = .)
                0x200000b8                        PROVIDE (_end = .)
                0x200002b8                        . = (. + _Min_Heap_Size)
 *fill*         0x200000b8      0x200 
                0x200006b8                        . = (. + _Min_Stack_Size)
 *fill*         0x200002b8      0x400 
                0x200006b8                        . = ALIGN (0x8)

/DISCARD/
 libc.a(*)
 libm.a(*)
 libgcc.a(*)

.ARM.attributes
                0x00000000       0x28
 *(.ARM.attributes)
 .ARM.attributes
                0x00000000       0x1e C:/ST/STM32CubeIDE_1.18.1/STM32CubeIDE/plugins/com.st.stm32cube.ide.mcu.externaltools.gnu-tools-for-stm32.13.3.rel1.win32_1.0.0.202411081344/tools/bin/../lib/gcc/arm-none-eabi/13.3.1/thumb/v6-m/nofp/crti.o
 .ARM.attributes
                0x0000001e       0x2c C:/ST/STM32CubeIDE_1.18.1/STM32CubeIDE/plugins/com.st.stm32cube.ide.mcu.externaltools.gnu-tools-for-stm32.13.3.rel1.win32_1.0.0.202411081344/tools/bin/../lib/gcc/arm-none-eabi/13.3.1/thumb/v6-m/nofp/crtbegin.o
 .ARM.attributes
                0x0000004a       0x2c ./Core/Src/cipher_adfgvx.o
 .ARM.attributes
                0x00000076       0x2c ./Core/Src/main.o
 .ARM.attributes
                0x000000a2       0x2c ./Core/Src/stm32f0xx_hal_msp.o
 .ARM.attributes
                0x000000ce       0x2c ./Core/Src/stm32f0xx_it.o
 .ARM.attributes
                0x000000fa       0x2c ./Core/Src/system_stm32f0xx.o
 .ARM.attributes
                0x00000126       0x21 ./Core/Startup/startup_stm32f030r8tx.o
 .ARM.attributes
                0x00000147       0x2c ./Drivers/STM32F0xx_HAL_Driver/Src/stm32f0xx_hal.o
 .ARM.attributes
                0x00000173       0x2c ./Drivers/STM32F0xx_HAL_Driver/Src/stm32f0xx_hal_cortex.o
 .ARM.attributes
                0x0000019f       0x2c ./Drivers/STM32F0xx_HAL_Driver/Src/stm32f0xx_hal_gpio.o
 .ARM.attributes
                0x000001cb       0x2c ./Drivers/STM32F0xx_HAL_Driver/Src/stm32f0xx_hal_rcc.o
 .ARM.attributes
                0x000001f7       0x2c ./Drivers/STM32F0xx_HAL_Driver/Src/stm32f0xx_hal_uart.o
 .ARM.attributes
                0x00000223       0x2c C:/ST/STM32CubeIDE_1.18.1/STM32CubeIDE/plugins/com.st.stm32cube.ide.mcu.externaltools.gnu-tools-for-stm32.13.3.rel1.win32_1.0.0.202411081344/tools/bin/../lib/gcc/arm-none-eabi/13.3.1/../../../../arm-none-eabi/lib/thumb/v6-m/nofp\libc_nano.a(libc_a-memset.o)
 .ARM.attributes
                0x0000024f       0x2c C:/ST/STM32CubeIDE_1.18.1/STM32CubeIDE/plugins/com.st.stm32cube.ide.mcu.externaltools.gnu-tools-for-stm32.13.3.rel1.win32_1.0.0.202411081344/tools/bin/../lib/gcc/arm-none-eabi/13.3.1/../../../../arm-none-eabi/lib/thumb/v6-m/nofp\libc_nano.a(libc_a-init.o)
 .ARM.attributes
                0x0000027b       0x1c C:/ST/STM32CubeIDE_1.18.1/STM32CubeIDE/plugins/com.st.stm32cube.ide.mcu.externaltools.gnu-tools-for-stm32.13.3.rel1.win32_1.0.0.202411081344/tools/bin/../lib/gcc/arm-none-eabi/13.3.1/../../../../arm-none-eabi/lib/thumb/v6-m/nofp\libc_nano.a(libc_a-strlen.o)
 .ARM.attributes
                0x00000297       0x1e C:/ST/STM32CubeIDE_1.18.1/STM32CubeIDE/plugins/com.st.stm32cube.ide.mcu.externaltools.gnu-tools-for-stm32.13.3.rel1.win32_1.0.0.202411081344/tools/bin/../lib/gcc/arm-none-eabi/13.3.1/thumb/v6-m/nofp\libgcc.a(_udivsi3.o)
 .ARM.attributes
                0x000002b5       0x1e C:/ST/STM32CubeIDE_1.18.1/STM32CubeIDE/plugins/com.st.stm32cube.ide.mcu.externaltools.gnu-tools-for-stm32.13.3.rel1.win32_1.0.0.202411081344/tools/bin/../lib/gcc/arm-none-eabi/13.3.1/thumb/v6-m/nofp\libgcc.a(_divsi3.o)
 .ARM.attributes
                0x000002d3       0x1e C:/ST/STM32CubeIDE_1.18.1/STM32CubeIDE/plugins/com.st.stm32cube.ide.mcu.externaltools.gnu-tools-for-stm32.13.3.rel1.win32_1.0.0.202411081344/tools/bin/../lib/gcc/arm-none-eabi/13.3.1/thumb/v6-m/nofp\libgcc.a(_dvmd_tls.o)
 .ARM.attributes
                0x000002f1       0x2c C:/ST/STM32CubeIDE_1.18.1/STM32CubeIDE/plugins/com.st.stm32cube.ide.mcu.externaltools.gnu-tools-for-stm32.13.3.rel1.win32_1.0.0.202411081344/tools/bin/../lib/gcc/arm-none-eabi/13.3.1/thumb/v6-m/nofp\libgcc.a(_muldi3.o)
 .ARM.attributes
                0x0000031d       0x1e C:/ST/STM32CubeIDE_1.18.1/STM32CubeIDE/plugins/com.st.stm32cube.ide.mcu.externaltools.gnu-tools-for-stm32.13.3.rel1.win32_1.0.0.202411081344/tools/bin/../lib/gcc/arm-none-eabi/13.3.1/thumb/v6-m/nofp/crtn.o
OUTPUT(Cifra_ADFGVX.elf elf32-littlearm)
LOAD linker stubs
LOAD C:/ST/STM32CubeIDE_1.18.1/STM32CubeIDE/plugins/com.st.stm32cube.ide.mcu.externaltools.gnu-tools-for-stm32.13.3.rel1.win32_1.0.0.202411081344/tools/bin/../lib/gcc/arm-none-eabi/13.3.1/../../../../arm-none-eabi/lib/thumb/v6-m/nofp\libc.a
LOAD C:/ST/STM32CubeIDE_1.18.1/STM32CubeIDE/plugins/com.st.stm32cube.ide.mcu.externaltools.gnu-tools-for-stm32.13.3.rel1.win32_1.0.0.202411081344/tools/bin/../lib/gcc/arm-none-eabi/13.3.1/../../../../arm-none-eabi/lib/thumb/v6-m/nofp\libm.a
LOAD C:/ST/STM32CubeIDE_1.18.1/STM32CubeIDE/plugins/com.st.stm32cube.ide.mcu.externaltools.gnu-tools-for-stm32.13.3.rel1.win32_1.0.0.202411081344/tools/bin/../lib/gcc/arm-none-eabi/13.3.1/thumb/v6-m/nofp\libgcc.a

.debug_info     0x00000000     0x79aa
 .debug_info    0x00000000      0xb42 ./Core/Src/cipher_adfgvx.o
 .debug_info    0x00000b42      0xced ./Core/Src/main.o
 .debug_info    0x0000182f      0x8fa ./Core/Src/stm32f0xx_hal_msp.o
 .debug_info    0x00002129       0xd3 ./Core/Src/stm32f0xx_it.o
 .debug_info    0x000021fc      0x242 ./Core/Src/system_stm32f0xx.o
 .debug_info    0x0000243e       0x30 ./Core/Startup/startup_stm32f030r8tx.o
 .debug_info    0x0000246e      0x670 ./Drivers/STM32F0xx_HAL_Driver/Src/stm32f0xx_hal.o
 .debug_info    0x00002ade      0x69b ./Drivers/STM32F0xx_HAL_Driver/Src/stm32f0xx_hal_cortex.o
 .debug_info    0x00003179      0x5c3 ./Drivers/STM32F0xx_HAL_Driver/Src/stm32f0xx_hal_gpio.o
 .debug_info    0x0000373c      0x844 ./Drivers/STM32F0xx_HAL_Driver/Src/stm32f0xx_hal_rcc.o
 .debug_info    0x00003f80     0x3a2a ./Drivers/STM32F0xx_HAL_Driver/Src/stm32f0xx_hal_uart.o

.debug_abbrev   0x00000000     0x1443
 .debug_abbrev  0x00000000      0x230 ./Core/Src/cipher_adfgvx.o
 .debug_abbrev  0x00000230      0x2c0 ./Core/Src/main.o
 .debug_abbrev  0x000004f0      0x1aa ./Core/Src/stm32f0xx_hal_msp.o
 .debug_abbrev  0x0000069a       0x73 ./Core/Src/stm32f0xx_it.o
 .debug_abbrev  0x0000070d      0x11c ./Core/Src/system_stm32f0xx.o
 .debug_abbrev  0x00000829       0x24 ./Core/Startup/startup_stm32f030r8tx.o
 .debug_abbrev  0x0000084d      0x24b ./Drivers/STM32F0xx_HAL_Driver/Src/stm32f0xx_hal.o
 .debug_abbrev  0x00000a98      0x28c ./Drivers/STM32F0xx_HAL_Driver/Src/stm32f0xx_hal_cortex.o
 .debug_abbrev  0x00000d24      0x1c8 ./Drivers/STM32F0xx_HAL_Driver/Src/stm32f0xx_hal_gpio.o
 .debug_abbrev  0x00000eec      0x28b ./Drivers/STM32F0xx_HAL_Driver/Src/stm32f0xx_hal_rcc.o
 .debug_abbrev  0x00001177      0x2cc ./Drivers/STM32F0xx_HAL_Driver/Src/stm32f0xx_hal_uart.o

.debug_aranges  0x00000000      0x5d0
 .debug_aranges
                0x00000000       0x48 ./Core/Src/cipher_adfgvx.o
 .debug_aranges
                0x00000048       0x48 ./Core/Src/main.o
 .debug_aranges
                0x00000090       0x30 ./Core/Src/stm32f0xx_hal_msp.o
 .debug_aranges
                0x000000c0       0x40 ./Core/Src/stm32f0xx_it.o
 .debug_aranges
                0x00000100       0x28 ./Core/Src/system_stm32f0xx.o
 .debug_aranges
                0x00000128       0x28 ./Core/Startup/startup_stm32f030r8tx.o
 .debug_aranges
                0x00000150       0xd0 ./Drivers/STM32F0xx_HAL_Driver/Src/stm32f0xx_hal.o
 .debug_aranges
                0x00000220       0xc0 ./Drivers/STM32F0xx_HAL_Driver/Src/stm32f0xx_hal_cortex.o
 .debug_aranges
                0x000002e0       0x58 ./Drivers/STM32F0xx_HAL_Driver/Src/stm32f0xx_hal_gpio.o
 .debug_aranges
                0x00000338       0x80 ./Drivers/STM32F0xx_HAL_Driver/Src/stm32f0xx_hal_rcc.o
 .debug_aranges
                0x000003b8      0x218 ./Drivers/STM32F0xx_HAL_Driver/Src/stm32f0xx_hal_uart.o

.debug_rnglists
                0x00000000      0x477
 .debug_rnglists
                0x00000000       0x35 ./Core/Src/cipher_adfgvx.o
 .debug_rnglists
                0x00000035       0x34 ./Core/Src/main.o
 .debug_rnglists
                0x00000069       0x20 ./Core/Src/stm32f0xx_hal_msp.o
 .debug_rnglists
                0x00000089       0x2b ./Core/Src/stm32f0xx_it.o
 .debug_rnglists
                0x000000b4       0x1a ./Core/Src/system_stm32f0xx.o
 .debug_rnglists
                0x000000ce       0x19 ./Core/Startup/startup_stm32f030r8tx.o
 .debug_rnglists
                0x000000e7       0x97 ./Drivers/STM32F0xx_HAL_Driver/Src/stm32f0xx_hal.o
 .debug_rnglists
                0x0000017e       0x8c ./Drivers/STM32F0xx_HAL_Driver/Src/stm32f0xx_hal_cortex.o
 .debug_rnglists
                0x0000020a       0x3f ./Drivers/STM32F0xx_HAL_Driver/Src/stm32f0xx_hal_gpio.o
 .debug_rnglists
                0x00000249       0x60 ./Drivers/STM32F0xx_HAL_Driver/Src/stm32f0xx_hal_rcc.o
 .debug_rnglists
                0x000002a9      0x1ce ./Drivers/STM32F0xx_HAL_Driver/Src/stm32f0xx_hal_uart.o

.debug_macro    0x00000000     0xf824
 .debug_macro   0x00000000      0x14b ./Core/Src/cipher_adfgvx.o
 .debug_macro   0x0000014b      0xaae ./Core/Src/cipher_adfgvx.o
 .debug_macro   0x00000bf9       0x22 ./Core/Src/cipher_adfgvx.o
 .debug_macro   0x00000c1b       0x5b ./Core/Src/cipher_adfgvx.o
 .debug_macro   0x00000c76       0x24 ./Core/Src/cipher_adfgvx.o
 .debug_macro   0x00000c9a       0x94 ./Core/Src/cipher_adfgvx.o
 .debug_macro   0x00000d2e       0x43 ./Core/Src/cipher_adfgvx.o
 .debug_macro   0x00000d71       0x34 ./Core/Src/cipher_adfgvx.o
 .debug_macro   0x00000da5       0x16 ./Core/Src/cipher_adfgvx.o
 .debug_macro   0x00000dbb       0x57 ./Core/Src/cipher_adfgvx.o
 .debug_macro   0x00000e12       0x9e ./Core/Src/cipher_adfgvx.o
 .debug_macro   0x00000eb0      0x370 ./Core/Src/cipher_adfgvx.o
 .debug_macro   0x00001220      0x112 ./Core/Src/cipher_adfgvx.o
 .debug_macro   0x00001332       0x10 ./Core/Src/cipher_adfgvx.o
 .debug_macro   0x00001342       0x16 ./Core/Src/cipher_adfgvx.o
 .debug_macro   0x00001358       0x4a ./Core/Src/cipher_adfgvx.o
 .debug_macro   0x000013a2       0x34 ./Core/Src/cipher_adfgvx.o
 .debug_macro   0x000013d6       0x10 ./Core/Src/cipher_adfgvx.o
 .debug_macro   0x000013e6       0x58 ./Core/Src/cipher_adfgvx.o
 .debug_macro   0x0000143e       0x8e ./Core/Src/cipher_adfgvx.o
 .debug_macro   0x000014cc       0x1c ./Core/Src/cipher_adfgvx.o
 .debug_macro   0x000014e8      0x185 ./Core/Src/cipher_adfgvx.o
 .debug_macro   0x0000166d       0x16 ./Core/Src/cipher_adfgvx.o
 .debug_macro   0x00001683       0x16 ./Core/Src/cipher_adfgvx.o
 .debug_macro   0x00001699      0x146 ./Core/Src/cipher_adfgvx.o
 .debug_macro   0x000017df       0x16 ./Core/Src/cipher_adfgvx.o
 .debug_macro   0x000017f5       0x3c ./Core/Src/cipher_adfgvx.o
 .debug_macro   0x00001831       0x20 ./Core/Src/cipher_adfgvx.o
 .debug_macro   0x00001851      0x293 ./Core/Src/main.o
 .debug_macro   0x00001ae4      0x12d ./Core/Src/main.o
 .debug_macro   0x00001c11       0x2e ./Core/Src/main.o
 .debug_macro   0x00001c3f       0x22 ./Core/Src/main.o
 .debug_macro   0x00001c61       0x8e ./Core/Src/main.o
 .debug_macro   0x00001cef       0x51 ./Core/Src/main.o
 .debug_macro   0x00001d40      0x103 ./Core/Src/main.o
 .debug_macro   0x00001e43       0x6a ./Core/Src/main.o
 .debug_macro   0x00001ead      0x1df ./Core/Src/main.o
 .debug_macro   0x0000208c       0x1c ./Core/Src/main.o
 .debug_macro   0x000020a8       0x22 ./Core/Src/main.o
 .debug_macro   0x000020ca       0xaf ./Core/Src/main.o
 .debug_macro   0x00002179      0x391 ./Core/Src/main.o
 .debug_macro   0x0000250a     0x6f47 ./Core/Src/main.o
 .debug_macro   0x00009451       0x66 ./Core/Src/main.o
 .debug_macro   0x000094b7     0x34da ./Core/Src/main.o
 .debug_macro   0x0000c991      0x190 ./Core/Src/main.o
 .debug_macro   0x0000cb21       0x55 ./Core/Src/main.o
 .debug_macro   0x0000cb76      0x924 ./Core/Src/main.o
 .debug_macro   0x0000d49a      0x17f ./Core/Src/main.o
 .debug_macro   0x0000d619      0x1ae ./Core/Src/main.o
 .debug_macro   0x0000d7c7       0xd8 ./Core/Src/main.o
 .debug_macro   0x0000d89f      0x1a0 ./Core/Src/main.o
 .debug_macro   0x0000da3f      0x1ed ./Core/Src/main.o
 .debug_macro   0x0000dc2c       0x34 ./Core/Src/main.o
 .debug_macro   0x0000dc60       0x43 ./Core/Src/main.o
 .debug_macro   0x0000dca3       0x28 ./Core/Src/main.o
 .debug_macro   0x0000dccb       0xb0 ./Core/Src/main.o
 .debug_macro   0x0000dd7b      0x199 ./Core/Src/main.o
 .debug_macro   0x0000df14      0x22c ./Core/Src/main.o
 .debug_macro   0x0000e140       0x61 ./Core/Src/main.o
 .debug_macro   0x0000e1a1       0xa5 ./Core/Src/main.o
 .debug_macro   0x0000e246       0x4c ./Core/Src/main.o
 .debug_macro   0x0000e292       0x2b ./Core/Src/main.o
 .debug_macro   0x0000e2bd      0x56d ./Core/Src/main.o
 .debug_macro   0x0000e82a       0x3e ./Core/Src/main.o
 .debug_macro   0x0000e868       0xff ./Core/Src/main.o
 .debug_macro   0x0000e967       0x4c ./Core/Src/main.o
 .debug_macro   0x0000e9b3       0x61 ./Core/Src/main.o
 .debug_macro   0x0000ea14       0x10 ./Core/Src/main.o
 .debug_macro   0x0000ea24       0x16 ./Core/Src/main.o
 .debug_macro   0x0000ea3a      0x1bc ./Core/Src/stm32f0xx_hal_msp.o
 .debug_macro   0x0000ebf6      0x1c6 ./Core/Src/stm32f0xx_it.o
 .debug_macro   0x0000edbc      0x1ad ./Core/Src/system_stm32f0xx.o
 .debug_macro   0x0000ef69      0x1d1 ./Drivers/STM32F0xx_HAL_Driver/Src/stm32f0xx_hal.o
 .debug_macro   0x0000f13a      0x1ad ./Drivers/STM32F0xx_HAL_Driver/Src/stm32f0xx_hal_cortex.o
 .debug_macro   0x0000f2e7      0x1b4 ./Drivers/STM32F0xx_HAL_Driver/Src/stm32f0xx_hal_gpio.o
 .debug_macro   0x0000f49b      0x1bf ./Drivers/STM32F0xx_HAL_Driver/Src/stm32f0xx_hal_rcc.o
 .debug_macro   0x0000f65a      0x1ca ./Drivers/STM32F0xx_HAL_Driver/Src/stm32f0xx_hal_uart.o

.debug_line     0x00000000     0x8244
 .debug_line    0x00000000      0x75f ./Core/Src/cipher_adfgvx.o
 .debug_line    0x0000075f      0xa26 ./Core/Src/main.o
 .debug_line    0x00001185      0x77e ./Core/Src/stm32f0xx_hal_msp.o
 .debug_line    0x00001903      0x78e ./Core/Src/stm32f0xx_it.o
 .debug_line    0x00002091      0x7a1 ./Core/Src/system_stm32f0xx.o
 .debug_line    0x00002832       0x7b ./Core/Startup/startup_stm32f030r8tx.o
 .debug_line    0x000028ad      0x9b0 ./Drivers/STM32F0xx_HAL_Driver/Src/stm32f0xx_hal.o
 .debug_line    0x0000325d      0xa58 ./Drivers/STM32F0xx_HAL_Driver/Src/stm32f0xx_hal_cortex.o
 .debug_line    0x00003cb5      0xb15 ./Drivers/STM32F0xx_HAL_Driver/Src/stm32f0xx_hal_gpio.o
 .debug_line    0x000047ca      0xe41 ./Drivers/STM32F0xx_HAL_Driver/Src/stm32f0xx_hal_rcc.o
 .debug_line    0x0000560b     0x2c39 ./Drivers/STM32F0xx_HAL_Driver/Src/stm32f0xx_hal_uart.o

.debug_str      0x00000000    0x5cc5d
 .debug_str     0x00000000    0x5cc5d ./Core/Src/cipher_adfgvx.o
                               0x7199 (size before relaxing)
 .debug_str     0x0005cc5d    0x5b142 ./Core/Src/main.o
 .debug_str     0x0005cc5d    0x57cbe ./Core/Src/stm32f0xx_hal_msp.o
 .debug_str     0x0005cc5d    0x577bc ./Core/Src/stm32f0xx_it.o
 .debug_str     0x0005cc5d    0x57735 ./Core/Src/system_stm32f0xx.o
 .debug_str     0x0005cc5d       0x84 ./Core/Startup/startup_stm32f030r8tx.o
 .debug_str     0x0005cc5d    0x57cc9 ./Drivers/STM32F0xx_HAL_Driver/Src/stm32f0xx_hal.o
 .debug_str     0x0005cc5d    0x57aba ./Drivers/STM32F0xx_HAL_Driver/Src/stm32f0xx_hal_cortex.o
 .debug_str     0x0005cc5d    0x578d6 ./Drivers/STM32F0xx_HAL_Driver/Src/stm32f0xx_hal_gpio.o
 .debug_str     0x0005cc5d    0x57b71 ./Drivers/STM32F0xx_HAL_Driver/Src/stm32f0xx_hal_rcc.o
 .debug_str     0x0005cc5d    0x5844e ./Drivers/STM32F0xx_HAL_Driver/Src/stm32f0xx_hal_uart.o

.comment        0x00000000       0x43
 .comment       0x00000000       0x43 ./Core/Src/cipher_adfgvx.o
                                 0x44 (size before relaxing)
 .comment       0x00000043       0x44 ./Core/Src/main.o
 .comment       0x00000043       0x44 ./Core/Src/stm32f0xx_hal_msp.o
 .comment       0x00000043       0x44 ./Core/Src/stm32f0xx_it.o
 .comment       0x00000043       0x44 ./Core/Src/system_stm32f0xx.o
 .comment       0x00000043       0x44 ./Drivers/STM32F0xx_HAL_Driver/Src/stm32f0xx_hal.o
 .comment       0x00000043       0x44 ./Drivers/STM32F0xx_HAL_Driver/Src/stm32f0xx_hal_cortex.o
 .comment       0x00000043       0x44 ./Drivers/STM32F0xx_HAL_Driver/Src/stm32f0xx_hal_gpio.o
 .comment       0x00000043       0x44 ./Drivers/STM32F0xx_HAL_Driver/Src/stm32f0xx_hal_rcc.o
 .comment       0x00000043       0x44 ./Drivers/STM32F0xx_HAL_Driver/Src/stm32f0xx_hal_uart.o

.debug_frame    0x00000000     0x13c4
 .debug_frame   0x00000000       0xe0 ./Core/Src/cipher_adfgvx.o
 .debug_frame   0x000000e0       0xd0 ./Core/Src/main.o
 .debug_frame   0x000001b0       0x70 ./Core/Src/stm32f0xx_hal_msp.o
 .debug_frame   0x00000220       0x9c ./Core/Src/stm32f0xx_it.o
 .debug_frame   0x000002bc       0x4c ./Core/Src/system_stm32f0xx.o
 .debug_frame   0x00000308      0x2a4 ./Drivers/STM32F0xx_HAL_Driver/Src/stm32f0xx_hal.o
 .debug_frame   0x000005ac      0x2a0 ./Drivers/STM32F0xx_HAL_Driver/Src/stm32f0xx_hal_cortex.o
 .debug_frame   0x0000084c      0x110 ./Drivers/STM32F0xx_HAL_Driver/Src/stm32f0xx_hal_gpio.o
 .debug_frame   0x0000095c      0x198 ./Drivers/STM32F0xx_HAL_Driver/Src/stm32f0xx_hal_rcc.o
 .debug_frame   0x00000af4      0x810 ./Drivers/STM32F0xx_HAL_Driver/Src/stm32f0xx_hal_uart.o
 .debug_frame   0x00001304       0x20 C:/ST/STM32CubeIDE_1.18.1/STM32CubeIDE/plugins/com.st.stm32cube.ide.mcu.externaltools.gnu-tools-for-stm32.13.3.rel1.win32_1.0.0.202411081344/tools/bin/../lib/gcc/arm-none-eabi/13.3.1/../../../../arm-none-eabi/lib/thumb/v6-m/nofp\libc_nano.a(libc_a-memset.o)
 .debug_frame   0x00001324       0x2c C:/ST/STM32CubeIDE_1.18.1/STM32CubeIDE/plugins/com.st.stm32cube.ide.mcu.externaltools.gnu-tools-for-stm32.13.3.rel1.win32_1.0.0.202411081344/tools/bin/../lib/gcc/arm-none-eabi/13.3.1/../../../../arm-none-eabi/lib/thumb/v6-m/nofp\libc_nano.a(libc_a-init.o)
 .debug_frame   0x00001350       0x20 C:/ST/STM32CubeIDE_1.18.1/STM32CubeIDE/plugins/com.st.stm32cube.ide.mcu.externaltools.gnu-tools-for-stm32.13.3.rel1.win32_1.0.0.202411081344/tools/bin/../lib/gcc/arm-none-eabi/13.3.1/thumb/v6-m/nofp\libgcc.a(_udivsi3.o)
 .debug_frame   0x00001370       0x20 C:/ST/STM32CubeIDE_1.18.1/STM32CubeIDE/plugins/com.st.stm32cube.ide.mcu.externaltools.gnu-tools-for-stm32.13.3.rel1.win32_1.0.0.202411081344/tools/bin/../lib/gcc/arm-none-eabi/13.3.1/thumb/v6-m/nofp\libgcc.a(_divsi3.o)
 .debug_frame   0x00001390       0x34 C:/ST/STM32CubeIDE_1.18.1/STM32CubeIDE/plugins/com.st.stm32cube.ide.mcu.externaltools.gnu-tools-for-stm32.13.3.rel1.win32_1.0.0.202411081344/tools/bin/../lib/gcc/arm-none-eabi/13.3.1/thumb/v6-m/nofp\libgcc.a(_muldi3.o)

.debug_line_str
                0x00000000       0x68
 .debug_line_str
                0x00000000       0x68 ./Core/Startup/startup_stm32f030r8tx.o
