../Core/Src/main.c:117:12:get_adfgvx_symbols	32	static
../Core/Src/main.c:142:13:insert_symbol_to_column	32	static
../Core/Src/main.c:160:13:polybius_encode_to_columns	64	static
../Core/Src/main.c:187:13:transpose_columns_by_key_order	88	dynamic
../Core/Src/main.c:237:13:cipher_adfgvx	40	static
../Core/Src/main.c:249:5:main	32	static
../Core/Src/main.c:305:6:SystemClock_Config	80	static
../Core/Src/main.c:343:13:MX_USART2_UART_Init	8	static
../Core/Src/main.c:377:13:MX_GPIO_Init	48	static
../Core/Src/main.c:408:6:Error_Handler	8	static,ignoring_inline_asm
